[1/3] Creating OSX icons ...
/Users/christopher/GIT/2ship2harkinian/mm/macosx/2s2hIcon.png
  /Users/christopher/GIT/2ship2harkinian/build-cmake/macosx/2s2h.iconset/icon_16x16.png
/Users/christopher/GIT/2ship2harkinian/mm/macosx/2s2hIcon.png
  /Users/christopher/GIT/2ship2harkinian/build-cmake/macosx/2s2h.iconset/icon_16x16@2x.png
/Users/christopher/GIT/2ship2harkinian/mm/macosx/2s2hIcon.png
  /Users/christopher/GIT/2ship2harkinian/build-cmake/macosx/2s2h.iconset/icon_32x32.png
/Users/christopher/GIT/2ship2harkinian/mm/macosx/2s2hIcon.png
  /Users/christopher/GIT/2ship2harkinian/build-cmake/macosx/2s2h.iconset/icon_32x32@2x.png
/Users/christopher/GIT/2ship2harkinian/mm/macosx/2s2hIcon.png
  /Users/christopher/GIT/2ship2harkinian/build-cmake/macosx/2s2h.iconset/icon_128x128.png
/Users/christopher/GIT/2ship2harkinian/mm/macosx/2s2hIcon.png
  /Users/christopher/GIT/2ship2harkinian/build-cmake/macosx/2s2h.iconset/icon_128x128@2x.png
/Users/christopher/GIT/2ship2harkinian/mm/macosx/2s2hIcon.png
  /Users/christopher/GIT/2ship2harkinian/build-cmake/macosx/2s2h.iconset/icon_256x256.png
/Users/christopher/GIT/2ship2harkinian/mm/macosx/2s2hIcon.png
  /Users/christopher/GIT/2ship2harkinian/build-cmake/macosx/2s2h.iconset/icon_256x256@2x.png
/Users/christopher/GIT/2ship2harkinian/mm/macosx/2s2hIcon.png
  /Users/christopher/GIT/2ship2harkinian/build-cmake/macosx/2s2h.iconset/icon_512x512.png
[2/3] Building C object mm/CMakeFiles/2ship.dir/src/overlays/actors/ovl_player_actor/z_player.c.o
In file included from /Users/christopher/GIT/2ship2harkinian/mm/src/overlays/actors/ovl_player_actor/z_player.c:8:
In file included from /Users/christopher/GIT/2ship2harkinian/mm/include/global.h:4:
In file included from /Users/christopher/GIT/2ship2harkinian/mm/include/z64.h:14:
In file included from /Users/christopher/GIT/2ship2harkinian/mm/include/ultra64.h:8:
/Users/christopher/GIT/2ship2harkinian/mm/include/PR/guint.h:19:9: warning: 'ROUND' macro redefined [-Wmacro-redefined]
#define ROUND(x) (s32)(((x) >= 0.0) ? ((x) + 0.5) : ((x) - 0.5))
        ^
/Users/christopher/GIT/2ship2harkinian/mm/../libultraship/include/libultraship/libultra/gu.h:10:9: note: previous definition is here
#define ROUND(x) (s32)(((x) >= 0.0) ? ((x) + 0.5) : ((x)-0.5))
        ^
In file included from /Users/christopher/GIT/2ship2harkinian/mm/src/overlays/actors/ovl_player_actor/z_player.c:8:
In file included from /Users/christopher/GIT/2ship2harkinian/mm/include/global.h:4:
In file included from /Users/christopher/GIT/2ship2harkinian/mm/include/z64.h:14:
In file included from /Users/christopher/GIT/2ship2harkinian/mm/include/ultra64.h:10:
In file included from /Users/christopher/GIT/2ship2harkinian/mm/include/PR/os.h:4:
In file included from /Users/christopher/GIT/2ship2harkinian/mm/include/PR/os_ai.h:4:
/Users/christopher/GIT/2ship2harkinian/mm/../libultraship/include/libultraship/libultra/os.h:35:9: warning: 'CONT_TYPE_MASK' macro redefined [-Wmacro-redefined]
#define CONT_TYPE_MASK 0x1f07
        ^
/Users/christopher/GIT/2ship2harkinian/mm/../libultraship/include/libultraship/libultra/controller.h:73:9: note: previous definition is here
#define CONT_TYPE_MASK 0x1F07
        ^
/Users/christopher/GIT/2ship2harkinian/mm/src/overlays/actors/ovl_player_actor/z_player.c:1849:55: warning: using floating point absolute value function 'fabsf' when argument is of integer type [-Wabsolute-value]
        if (PlayerAnimation_OnFrame(&this->skelAnime, fabsf(ANIMSFX_GET_FRAME(data)))) {
                                                      ^
/Users/christopher/GIT/2ship2harkinian/mm/src/overlays/actors/ovl_player_actor/z_player.c:1849:55: note: use function 'abs' instead
        if (PlayerAnimation_OnFrame(&this->skelAnime, fabsf(ANIMSFX_GET_FRAME(data)))) {
                                                      ^~~~~
                                                      abs
/Users/christopher/GIT/2ship2harkinian/mm/src/overlays/actors/ovl_player_actor/z_player.c:1849:55: note: include the header <stdlib.h> or explicitly provide a declaration for 'abs'
/Users/christopher/GIT/2ship2harkinian/mm/src/overlays/actors/ovl_player_actor/z_player.c:3803:64: warning: implicit conversion from enumeration type 'EquipSlot' to different enumeration type 'DpadEquipSlot' [-Wenum-conversion]
                item = Player_Dpad_GetItemOnButton(play, this, i);
                       ~~~~~~~~~~~~~~~~~~~~~~~~~~~             ^
/Users/christopher/GIT/2ship2harkinian/mm/src/overlays/actors/ovl_player_actor/z_player.c:3865:15: warning: comparison of distinct pointer types ('PlayerAnimationHeader *' and 'const char (*)[66]') [-Wcompare-distinct-pointer-types]
    if ((anim == &gPlayerAnim_link_normal_fighter2free) && (this->currentShield == PLAYER_SHIELD_NONE)) {
         ~~~~ ^  ~~~~~~~~~~~~~~~~~~~~~~~~~~~~~~~~~~~~~
/Users/christopher/GIT/2ship2harkinian/mm/src/overlays/actors/ovl_player_actor/z_player.c:4172:84: warning: pointer type mismatch ('const char (*)[55]' and 'const char (*)[60]') [-Wpointer-type-mismatch]
                                     : ((this->transformation == PLAYER_FORM_DEKU) ? &gPlayerAnim_pn_tamahakidf
                                                                                   ^ ~~~~~~~~~~~~~~~~~~~~~~~~~~
/Users/christopher/GIT/2ship2harkinian/mm/src/overlays/actors/ovl_player_actor/z_player.c:4587:14: warning: comparison of distinct pointer types ('PlayerAnimationHeader *' and 'const char (*)[60]') [-Wcompare-distinct-pointer-types]
    if (anim == &gPlayerAnim_link_derth_rebirth) {
        ~~~~ ^  ~~~~~~~~~~~~~~~~~~~~~~~~~~~~~~~
/Users/christopher/GIT/2ship2harkinian/mm/src/overlays/actors/ovl_player_actor/z_player.c:5464:26: warning: comparison of integers of different signs: 'PlayerMeleeWeaponAnimation' (aka 'enum PlayerMeleeWeaponAnimation') and 's8' (aka 'signed char') [-Wsign-compare]
    if ((meleeWeaponAnim != this->meleeWeaponAnimation) || (this->unk_ADD >= 3)) {
         ~~~~~~~~~~~~~~~ ^  ~~~~~~~~~~~~~~~~~~~~~~~~~~
/Users/christopher/GIT/2ship2harkinian/mm/src/overlays/actors/ovl_player_actor/z_player.c:7213:48: warning: pointer type mismatch ('const char (*)[67]' and 'const char (*)[58]') [-Wpointer-type-mismatch]
                                      var_v1_2 ? &gPlayerAnim_link_normal_Fclimb_startB
                                               ^ ~~~~~~~~~~~~~~~~~~~~~~~~~~~~~~~~~~~~~~
/Users/christopher/GIT/2ship2harkinian/mm/src/overlays/actors/ovl_player_actor/z_player.c:7692:47: warning: pointer type mismatch ('const char (*)[55]' and 'const char (*)[70]') [-Wpointer-type-mismatch]
                                              ? &gPlayerAnim_pn_drinkstart
                                              ^ ~~~~~~~~~~~~~~~~~~~~~~~~~~
/Users/christopher/GIT/2ship2harkinian/mm/src/overlays/actors/ovl_player_actor/z_player.c:8143:75: warning: pointer type mismatch ('const char (*)[49]' and 'const char (*)[66]') [-Wpointer-type-mismatch]
                        anim = (this->transformation == PLAYER_FORM_DEKU) ? &gPlayerAnim_pn_gurd
                                                                          ^ ~~~~~~~~~~~~~~~~~~~~
/Users/christopher/GIT/2ship2harkinian/mm/src/overlays/actors/ovl_player_actor/z_player.c:8161:50: warning: comparison of distinct pointer types ('PlayerAnimationHeader *' and 'const char (*)[49]') [-Wcompare-distinct-pointer-types]
                                           (anim == &gPlayerAnim_pn_gurd) ? 0.0f : endFrame, endFrame, ANIMMODE_ONCE,
                                            ~~~~ ^  ~~~~~~~~~~~~~~~~~~~~
/Users/christopher/GIT/2ship2harkinian/mm/src/overlays/actors/ovl_player_actor/z_player.c:8588:63: warning: pointer type mismatch ('const char (*)[62]' and 'const char (*)[67]') [-Wpointer-type-mismatch]
                      (this->stateFlags1 & PLAYER_STATE1_800) ? &gPlayerAnim_link_swimer_swim_get
                                                              ^ ~~~~~~~~~~~~~~~~~~~~~~~~~~~~~~~~~
/Users/christopher/GIT/2ship2harkinian/mm/src/overlays/actors/ovl_player_actor/z_player.c:9191:47: warning: pointer type mismatch ('const char (*)[49]' and 'const char (*)[61]') [-Wpointer-type-mismatch]
                                              ? &gPlayerAnim_pn_getB
                                              ^ ~~~~~~~~~~~~~~~~~~~~
/Users/christopher/GIT/2ship2harkinian/mm/src/overlays/actors/ovl_player_actor/z_player.c:12257:70: warning: pointer type mismatch ('const char (*)[72]' and 'const char (*)[60]') [-Wpointer-type-mismatch]
                                          : ((this->shockTimer != 0) ? &gPlayerAnim_link_normal_electric_shock_end
                                                                     ^ ~~~~~~~~~~~~~~~~~~~~~~~~~~~~~~~~~~~~~~~~~~~
/Users/christopher/GIT/2ship2harkinian/mm/src/overlays/actors/ovl_player_actor/z_player.c:12659:39: warning: incompatible pointer to integer conversion passing 'Gfx *' (aka 'union Gfx *') to parameter of type 'uintptr_t' (aka 'unsigned long') [-Wint-conversion]
    gSPSegment(POLY_OPA_DISP++, 0x0C, cullDList);
                                      ^~~~~~~~~
/Users/christopher/GIT/2ship2harkinian/mm/include/gfx.h:245:52: note: passing argument to parameter 'target' here
void gSPSegment(void* value, int segNum, uintptr_t target);
                                                   ^
/Users/christopher/GIT/2ship2harkinian/mm/src/overlays/actors/ovl_player_actor/z_player.c:12660:39: warning: incompatible pointer to integer conversion passing 'Gfx *' (aka 'union Gfx *') to parameter of type 'uintptr_t' (aka 'unsigned long') [-Wint-conversion]
    gSPSegment(POLY_XLU_DISP++, 0x0C, cullDList);
                                      ^~~~~~~~~
/Users/christopher/GIT/2ship2harkinian/mm/include/gfx.h:245:52: note: passing argument to parameter 'target' here
void gSPSegment(void* value, int segNum, uintptr_t target);
                                                   ^
/Users/christopher/GIT/2ship2harkinian/mm/src/overlays/actors/ovl_player_actor/z_player.c:12955:24: warning: incompatible pointer to integer conversion passing 'Gfx *' (aka 'union Gfx *') to parameter of type 'uintptr_t' (aka 'unsigned long') [-Wint-conversion]
                       Gfx_TwoTexScroll(play->state.gfxCtx, 0, 0, -(s32)play->gameplayFrames & 0x7F, 0x20, 0x20, 1, 0,
                       ^~~~~~~~~~~~~~~~~~~~~~~~~~~~~~~~~~~~~~~~~~~~~~~~~~~~~~~~~~~~~~~~~~~~~~~~~~~~~~~~~~~~~~~~~~~~~~~
/Users/christopher/GIT/2ship2harkinian/mm/include/gfx.h:245:52: note: passing argument to parameter 'target' here
void gSPSegment(void* value, int segNum, uintptr_t target);
                                                   ^
/Users/christopher/GIT/2ship2harkinian/mm/src/overlays/actors/ovl_player_actor/z_player.c:13000:29: warning: expected ';' at end of declaration list
    typedef struct  {s16 x,y} Stick;
                            ^
                            ;
/Users/christopher/GIT/2ship2harkinian/mm/src/overlays/actors/ovl_player_actor/z_player.c:13348:72: warning: pointer type mismatch ('const char (*)[60]' and 'const char (*)[61]') [-Wpointer-type-mismatch]
                                                 (this->mountSide < 0) ? &gPlayerAnim_link_uma_left_down
                                                                       ^ ~~~~~~~~~~~~~~~~~~~~~~~~~~~~~~~
/Users/christopher/GIT/2ship2harkinian/mm/src/overlays/actors/ovl_player_actor/z_player.c:13793:46: warning: pointer type mismatch ('const char (*)[55]' and 'const char (*)[65]') [-Wpointer-type-mismatch]
                                             ? &gPlayerAnim_pn_tamahakidf
                                             ^ ~~~~~~~~~~~~~~~~~~~~~~~~~~
/Users/christopher/GIT/2ship2harkinian/mm/src/overlays/actors/ovl_player_actor/z_player.c:13814:81: warning: pointer type mismatch ('const char (*)[55]' and 'const char (*)[64]') [-Wpointer-type-mismatch]
                                     (this->transformation == PLAYER_FORM_DEKU) ? &gPlayerAnim_pn_tamahakidf
                                                                                ^ ~~~~~~~~~~~~~~~~~~~~~~~~~~
/Users/christopher/GIT/2ship2harkinian/mm/src/overlays/actors/ovl_player_actor/z_player.c:14868:42: warning: pointer type mismatch ('const char (*)[65]' and 'const char (*)[64]') [-Wpointer-type-mismatch]
                                         ? &gPlayerAnim_link_normal_front_downB
                                         ^ ~~~~~~~~~~~~~~~~~~~~~~~~~~~~~~~~~~~~
/Users/christopher/GIT/2ship2harkinian/mm/src/overlays/actors/ovl_player_actor/z_player.c:14892:69: warning: pointer type mismatch ('const char (*)[69]' and 'const char (*)[68]') [-Wpointer-type-mismatch]
                      (this->currentYaw != this->actor.shape.rot.y) ? &gPlayerAnim_link_normal_front_down_wake
                                                                    ^ ~~~~~~~~~~~~~~~~~~~~~~~~~~~~~~~~~~~~~~~~
/Users/christopher/GIT/2ship2harkinian/mm/src/overlays/actors/ovl_player_actor/z_player.c:16036:61: warning: pointer type mismatch ('const char (*)[63]' and 'PlayerAnimationHeader *') [-Wpointer-type-mismatch]
                                 (this->av1.actionVar1 > 0) ? &gPlayerAnim_link_normal_fall_wait
                                                            ^ ~~~~~~~~~~~~~~~~~~~~~~~~~~~~~~~~~~
/Users/christopher/GIT/2ship2harkinian/mm/src/overlays/actors/ovl_player_actor/z_player.c:17366:78: warning: pointer type mismatch ('const char (*)[49]' and 'const char (*)[61]') [-Wpointer-type-mismatch]
                                  (this->transformation == PLAYER_FORM_DEKU) ? &gPlayerAnim_pn_getB
                                                                             ^ ~~~~~~~~~~~~~~~~~~~~
/Users/christopher/GIT/2ship2harkinian/mm/src/overlays/actors/ovl_player_actor/z_player.c:17370:78: warning: pointer type mismatch ('const char (*)[49]' and 'const char (*)[61]') [-Wpointer-type-mismatch]
                                  (this->transformation == PLAYER_FORM_DEKU) ? &gPlayerAnim_pn_getA
                                                                             ^ ~~~~~~~~~~~~~~~~~~~~
/Users/christopher/GIT/2ship2harkinian/mm/src/overlays/actors/ovl_player_actor/z_player.c:17497:70: warning: pointer type mismatch ('const char (*)[50]' and 'const char (*)[69]') [-Wpointer-type-mismatch]
                          (this->transformation == PLAYER_FORM_DEKU) ? &gPlayerAnim_pn_drink
                                                                     ^ ~~~~~~~~~~~~~~~~~~~~~
/Users/christopher/GIT/2ship2harkinian/mm/src/overlays/actors/ovl_player_actor/z_player.c:17698:24: warning: implicit conversion from 'int' to 's16' (aka 'short') changes value from 32768 to -32768 [-Wconstant-conversion]
        { ACTOR_EN_OT, SEAHORSE_PARAMS(SEAHORSE_TYPE_2, 0, 0) },                         // PLAYER_BOTTLE_SEAHORSE
        ~              ^~~~~~~~~~~~~~~~~~~~~~~~~~~~~~~~~~~~~~
/Users/christopher/GIT/2ship2harkinian/mm/src/overlays/actors/ovl_En_Ot/z_en_ot.h:14:107: note: expanded from macro 'SEAHORSE_PARAMS'
#define SEAHORSE_PARAMS(type, pathIndex, switchFlag) (((pathIndex) & 0x7F) | (((switchFlag) & 0x7F) << 7) | (((type) & 3) << 0xE))
                                                      ~~~~~~~~~~~~~~~~~~~~~~~~~~~~~~~~~~~~~~~~~~~~~~~~~~~~^~~~~~~~~~~~~~~~~~~~~~~
/Users/christopher/GIT/2ship2harkinian/mm/src/overlays/actors/ovl_player_actor/z_player.c:18151:34: warning: comparison of distinct pointer types ('PlayerAnimationHeader *' and 'const char (*)[75]') [-Wcompare-distinct-pointer-types]
                } else if ((anim == &gPlayerAnim_link_fighter_Lpower_jump_kiru_end) &&
                            ~~~~ ^  ~~~~~~~~~~~~~~~~~~~~~~~~~~~~~~~~~~~~~~~~~~~~~~
/Users/christopher/GIT/2ship2harkinian/mm/src/overlays/actors/ovl_player_actor/z_player.c:20213:62: warning: pointer type mismatch ('const char (*)[49]' and 'const char (*)[61]') [-Wpointer-type-mismatch]
                  (this->transformation == PLAYER_FORM_DEKU) ? &gPlayerAnim_pn_getA : &gPlayerAnim_link_demo_get_itemA);
                                                             ^ ~~~~~~~~~~~~~~~~~~~~   ~~~~~~~~~~~~~~~~~~~~~~~~~~~~~~~~
31 warnings generated.
[3/3] Linking CXX executable mm/2s2h-macos
ld: warning: ignoring duplicate libraries: 'libultraship/src/libultraship.a'
